
Allocating common symbols
Common symbol       size              file

adc_value           0x4               ..\obj\main.o

Discarded input sections

 .text          0x00000000        0x0 ..\obj\stm32f10x_tim.o
 .data          0x00000000        0x0 ..\obj\stm32f10x_tim.o
 .bss           0x00000000        0x0 ..\obj\stm32f10x_tim.o
 .text.TIM_DeInit
                0x00000000      0x22c ..\obj\stm32f10x_tim.o
 .text.TIM_OC1Init
                0x00000000      0x118 ..\obj\stm32f10x_tim.o
 .text.TIM_OC2Init
                0x00000000      0x110 ..\obj\stm32f10x_tim.o
 .text.TIM_OC3Init
                0x00000000      0x10c ..\obj\stm32f10x_tim.o
 .text.TIM_OC4Init
                0x00000000       0xd0 ..\obj\stm32f10x_tim.o
 .text.TIM_ICInit
                0x00000000       0xa8 ..\obj\stm32f10x_tim.o
 .text.TIM_PWMIConfig
                0x00000000       0xb8 ..\obj\stm32f10x_tim.o
 .text.TIM_BDTRConfig
                0x00000000       0x50 ..\obj\stm32f10x_tim.o
 .text.TIM_OCStructInit
                0x00000000       0x44 ..\obj\stm32f10x_tim.o
 .text.TIM_ICStructInit
                0x00000000       0x30 ..\obj\stm32f10x_tim.o
 .text.TIM_BDTRStructInit
                0x00000000       0x3c ..\obj\stm32f10x_tim.o
 .text.TIM_CtrlPWMOutputs
                0x00000000       0x4c ..\obj\stm32f10x_tim.o
 .text.TIM_GenerateEvent
                0x00000000       0x1c ..\obj\stm32f10x_tim.o
 .text.TIM_DMAConfig
                0x00000000       0x28 ..\obj\stm32f10x_tim.o
 .text.TIM_DMACmd
                0x00000000       0x48 ..\obj\stm32f10x_tim.o
 .text.TIM_InternalClockConfig
                0x00000000       0x24 ..\obj\stm32f10x_tim.o
 .text.TIM_ITRxExternalClockConfig
                0x00000000       0x30 ..\obj\stm32f10x_tim.o
 .text.TIM_TIxExternalClockConfig
                0x00000000       0x5c ..\obj\stm32f10x_tim.o
 .text.TIM_ETRClockMode1Config
                0x00000000       0x60 ..\obj\stm32f10x_tim.o
 .text.TIM_ETRClockMode2Config
                0x00000000       0x40 ..\obj\stm32f10x_tim.o
 .text.TIM_ETRConfig
                0x00000000       0x54 ..\obj\stm32f10x_tim.o
 .text.TIM_PrescalerConfig
                0x00000000       0x28 ..\obj\stm32f10x_tim.o
 .text.TIM_CounterModeConfig
                0x00000000       0x38 ..\obj\stm32f10x_tim.o
 .text.TIM_SelectInputTrigger
                0x00000000       0x38 ..\obj\stm32f10x_tim.o
 .text.TIM_EncoderInterfaceConfig
                0x00000000       0x98 ..\obj\stm32f10x_tim.o
 .text.TIM_ForcedOC1Config
                0x00000000       0x38 ..\obj\stm32f10x_tim.o
 .text.TIM_ForcedOC2Config
                0x00000000       0x3c ..\obj\stm32f10x_tim.o
 .text.TIM_ForcedOC3Config
                0x00000000       0x38 ..\obj\stm32f10x_tim.o
 .text.TIM_ForcedOC4Config
                0x00000000       0x3c ..\obj\stm32f10x_tim.o
 .text.TIM_ARRPreloadConfig
                0x00000000       0x40 ..\obj\stm32f10x_tim.o
 .text.TIM_SelectCOM
                0x00000000       0x40 ..\obj\stm32f10x_tim.o
 .text.TIM_SelectCCDMA
                0x00000000       0x40 ..\obj\stm32f10x_tim.o
 .text.TIM_CCPreloadControl
                0x00000000       0x40 ..\obj\stm32f10x_tim.o
 .text.TIM_OC1PreloadConfig
                0x00000000       0x38 ..\obj\stm32f10x_tim.o
 .text.TIM_OC2PreloadConfig
                0x00000000       0x3c ..\obj\stm32f10x_tim.o
 .text.TIM_OC3PreloadConfig
                0x00000000       0x38 ..\obj\stm32f10x_tim.o
 .text.TIM_OC4PreloadConfig
                0x00000000       0x3c ..\obj\stm32f10x_tim.o
 .text.TIM_OC1FastConfig
                0x00000000       0x38 ..\obj\stm32f10x_tim.o
 .text.TIM_OC2FastConfig
                0x00000000       0x3c ..\obj\stm32f10x_tim.o
 .text.TIM_OC3FastConfig
                0x00000000       0x38 ..\obj\stm32f10x_tim.o
 .text.TIM_OC4FastConfig
                0x00000000       0x3c ..\obj\stm32f10x_tim.o
 .text.TIM_ClearOC1Ref
                0x00000000       0x38 ..\obj\stm32f10x_tim.o
 .text.TIM_ClearOC2Ref
                0x00000000       0x3c ..\obj\stm32f10x_tim.o
 .text.TIM_ClearOC3Ref
                0x00000000       0x38 ..\obj\stm32f10x_tim.o
 .text.TIM_ClearOC4Ref
                0x00000000       0x3c ..\obj\stm32f10x_tim.o
 .text.TIM_OC1PolarityConfig
                0x00000000       0x38 ..\obj\stm32f10x_tim.o
 .text.TIM_OC1NPolarityConfig
                0x00000000       0x38 ..\obj\stm32f10x_tim.o
 .text.TIM_OC2PolarityConfig
                0x00000000       0x3c ..\obj\stm32f10x_tim.o
 .text.TIM_OC2NPolarityConfig
                0x00000000       0x3c ..\obj\stm32f10x_tim.o
 .text.TIM_OC3PolarityConfig
                0x00000000       0x3c ..\obj\stm32f10x_tim.o
 .text.TIM_OC3NPolarityConfig
                0x00000000       0x3c ..\obj\stm32f10x_tim.o
 .text.TIM_OC4PolarityConfig
                0x00000000       0x3c ..\obj\stm32f10x_tim.o
 .text.TIM_CCxCmd
                0x00000000       0x58 ..\obj\stm32f10x_tim.o
 .text.TIM_CCxNCmd
                0x00000000       0x58 ..\obj\stm32f10x_tim.o
 .text.TIM_SelectOCxM
                0x00000000       0xac ..\obj\stm32f10x_tim.o
 .text.TIM_UpdateDisableConfig
                0x00000000       0x40 ..\obj\stm32f10x_tim.o
 .text.TIM_UpdateRequestConfig
                0x00000000       0x40 ..\obj\stm32f10x_tim.o
 .text.TIM_SelectHallSensor
                0x00000000       0x40 ..\obj\stm32f10x_tim.o
 .text.TIM_SelectOnePulseMode
                0x00000000       0x38 ..\obj\stm32f10x_tim.o
 .text.TIM_SelectOutputTrigger
                0x00000000       0x38 ..\obj\stm32f10x_tim.o
 .text.TIM_SelectSlaveMode
                0x00000000       0x38 ..\obj\stm32f10x_tim.o
 .text.TIM_SelectMasterSlaveMode
                0x00000000       0x38 ..\obj\stm32f10x_tim.o
 .text.TIM_SetCounter
                0x00000000       0x1c ..\obj\stm32f10x_tim.o
 .text.TIM_SetAutoreload
                0x00000000       0x1c ..\obj\stm32f10x_tim.o
 .text.TIM_SetCompare1
                0x00000000       0x1c ..\obj\stm32f10x_tim.o
 .text.TIM_SetCompare2
                0x00000000       0x1c ..\obj\stm32f10x_tim.o
 .text.TIM_SetCompare3
                0x00000000       0x1c ..\obj\stm32f10x_tim.o
 .text.TIM_SetCompare4
                0x00000000       0x20 ..\obj\stm32f10x_tim.o
 .text.TIM_SetIC1Prescaler
                0x00000000       0x38 ..\obj\stm32f10x_tim.o
 .text.TIM_SetIC2Prescaler
                0x00000000       0x3c ..\obj\stm32f10x_tim.o
 .text.TIM_SetIC3Prescaler
                0x00000000       0x38 ..\obj\stm32f10x_tim.o
 .text.TIM_SetIC4Prescaler
                0x00000000       0x3c ..\obj\stm32f10x_tim.o
 .text.TIM_SetClockDivision
                0x00000000       0x38 ..\obj\stm32f10x_tim.o
 .text.TIM_GetCapture1
                0x00000000       0x18 ..\obj\stm32f10x_tim.o
 .text.TIM_GetCapture2
                0x00000000       0x18 ..\obj\stm32f10x_tim.o
 .text.TIM_GetCapture3
                0x00000000       0x18 ..\obj\stm32f10x_tim.o
 .text.TIM_GetCapture4
                0x00000000       0x1c ..\obj\stm32f10x_tim.o
 .text.TIM_GetCounter
                0x00000000       0x18 ..\obj\stm32f10x_tim.o
 .text.TIM_GetPrescaler
                0x00000000       0x18 ..\obj\stm32f10x_tim.o
 .text.TIM_GetFlagStatus
                0x00000000       0x38 ..\obj\stm32f10x_tim.o
 .text.TIM_ClearFlag
                0x00000000       0x20 ..\obj\stm32f10x_tim.o
 .text.TIM_GetITStatus
                0x00000000       0x54 ..\obj\stm32f10x_tim.o
 .text.TI1_Config
                0x00000000       0xe0 ..\obj\stm32f10x_tim.o
 .text.TI2_Config
                0x00000000       0xf4 ..\obj\stm32f10x_tim.o
 .text.TI3_Config
                0x00000000       0xec ..\obj\stm32f10x_tim.o
 .text.TI4_Config
                0x00000000       0xf8 ..\obj\stm32f10x_tim.o
 .text          0x00000000        0x0 ..\obj\system_stm32f10x.o
 .data          0x00000000       0x14 ..\obj\system_stm32f10x.o
 .bss           0x00000000        0x0 ..\obj\system_stm32f10x.o
 .text.SystemCoreClockUpdate
                0x00000000       0xd8 ..\obj\system_stm32f10x.o
 .text          0x00000000        0x0 ..\obj\startup_stm32f10x_md.o
 .data          0x00000000        0x0 ..\obj\startup_stm32f10x_md.o
 .bss           0x00000000        0x0 ..\obj\startup_stm32f10x_md.o
 .text          0x00000000        0x0 ..\obj\stm32f10x_gpio.o
 .data          0x00000000        0x0 ..\obj\stm32f10x_gpio.o
 .bss           0x00000000        0x0 ..\obj\stm32f10x_gpio.o
 .text.GPIO_DeInit
                0x00000000       0xe4 ..\obj\stm32f10x_gpio.o
 .text.GPIO_AFIODeInit
                0x00000000       0x18 ..\obj\stm32f10x_gpio.o
 .text.GPIO_StructInit
                0x00000000       0x28 ..\obj\stm32f10x_gpio.o
 .text.GPIO_ReadInputDataBit
                0x00000000       0x34 ..\obj\stm32f10x_gpio.o
 .text.GPIO_ReadInputData
                0x00000000       0x18 ..\obj\stm32f10x_gpio.o
 .text.GPIO_ReadOutputDataBit
                0x00000000       0x34 ..\obj\stm32f10x_gpio.o
 .text.GPIO_ReadOutputData
                0x00000000       0x18 ..\obj\stm32f10x_gpio.o
 .text.GPIO_WriteBit
                0x00000000       0x30 ..\obj\stm32f10x_gpio.o
 .text.GPIO_Write
                0x00000000       0x1c ..\obj\stm32f10x_gpio.o
 .text.GPIO_PinLockConfig
                0x00000000       0x44 ..\obj\stm32f10x_gpio.o
 .text.GPIO_EventOutputConfig
                0x00000000       0x4c ..\obj\stm32f10x_gpio.o
 .text.GPIO_EventOutputCmd
                0x00000000       0x20 ..\obj\stm32f10x_gpio.o
 .text.GPIO_PinRemapConfig
                0x00000000       0xe0 ..\obj\stm32f10x_gpio.o
 .text.GPIO_EXTILineConfig
                0x00000000       0x84 ..\obj\stm32f10x_gpio.o
 .text.GPIO_ETH_MediaInterfaceConfig
                0x00000000       0x1c ..\obj\stm32f10x_gpio.o
 .text          0x00000000        0x0 ..\obj\main.o
 .data          0x00000000        0x0 ..\obj\main.o
 .text          0x00000000        0x0 ..\obj\stm32f10x_rcc.o
 .bss           0x00000000        0x0 ..\obj\stm32f10x_rcc.o
 .text.RCC_AdjustHSICalibrationValue
                0x00000000       0x3c ..\obj\stm32f10x_rcc.o
 .text.RCC_HSICmd
                0x00000000       0x20 ..\obj\stm32f10x_rcc.o
 .text.RCC_ITConfig
                0x00000000       0x4c ..\obj\stm32f10x_rcc.o
 .text.RCC_USBCLKConfig
                0x00000000       0x1c ..\obj\stm32f10x_rcc.o
 .text.RCC_LSEConfig
                0x00000000       0x40 ..\obj\stm32f10x_rcc.o
 .text.RCC_LSICmd
                0x00000000       0x20 ..\obj\stm32f10x_rcc.o
 .text.RCC_RTCCLKConfig
                0x00000000       0x24 ..\obj\stm32f10x_rcc.o
 .text.RCC_RTCCLKCmd
                0x00000000       0x20 ..\obj\stm32f10x_rcc.o
 .text.RCC_AHBPeriphClockCmd
                0x00000000       0x3c ..\obj\stm32f10x_rcc.o
 .text.RCC_APB2PeriphResetCmd
                0x00000000       0x3c ..\obj\stm32f10x_rcc.o
 .text.RCC_APB1PeriphResetCmd
                0x00000000       0x3c ..\obj\stm32f10x_rcc.o
 .text.RCC_BackupResetCmd
                0x00000000       0x20 ..\obj\stm32f10x_rcc.o
 .text.RCC_ClockSecuritySystemCmd
                0x00000000       0x20 ..\obj\stm32f10x_rcc.o
 .text.RCC_MCOConfig
                0x00000000       0x20 ..\obj\stm32f10x_rcc.o
 .text.RCC_ClearFlag
                0x00000000       0x1c ..\obj\stm32f10x_rcc.o
 .text.RCC_GetITStatus
                0x00000000       0x34 ..\obj\stm32f10x_rcc.o
 .text.RCC_ClearITPendingBit
                0x00000000       0x20 ..\obj\stm32f10x_rcc.o
 .text          0x00000000        0x0 ..\obj\stm32f10x_adc.o
 .data          0x00000000        0x0 ..\obj\stm32f10x_adc.o
 .bss           0x00000000        0x0 ..\obj\stm32f10x_adc.o
 .text.ADC_DeInit
                0x00000000       0x74 ..\obj\stm32f10x_adc.o
 .text.ADC_StructInit
                0x00000000       0x38 ..\obj\stm32f10x_adc.o
 .text.ADC_DMACmd
                0x00000000       0x38 ..\obj\stm32f10x_adc.o
 .text.ADC_ITConfig
                0x00000000       0x44 ..\obj\stm32f10x_adc.o
 .text.ADC_GetSoftwareStartConvStatus
                0x00000000       0x30 ..\obj\stm32f10x_adc.o
 .text.ADC_DiscModeChannelCountConfig
                0x00000000       0x44 ..\obj\stm32f10x_adc.o
 .text.ADC_DiscModeCmd
                0x00000000       0x38 ..\obj\stm32f10x_adc.o
 .text.ADC_ExternalTrigConvCmd
                0x00000000       0x38 ..\obj\stm32f10x_adc.o
 .text.ADC_GetDualModeConversionValue
                0x00000000       0x14 ..\obj\stm32f10x_adc.o
 .text.ADC_AutoInjectedConvCmd
                0x00000000       0x38 ..\obj\stm32f10x_adc.o
 .text.ADC_InjectedDiscModeCmd
                0x00000000       0x38 ..\obj\stm32f10x_adc.o
 .text.ADC_ExternalTrigInjectedConvConfig
                0x00000000       0x34 ..\obj\stm32f10x_adc.o
 .text.ADC_ExternalTrigInjectedConvCmd
                0x00000000       0x38 ..\obj\stm32f10x_adc.o
 .text.ADC_SoftwareStartInjectedConvCmd
                0x00000000       0x38 ..\obj\stm32f10x_adc.o
 .text.ADC_GetSoftwareStartInjectedConvCmdStatus
                0x00000000       0x30 ..\obj\stm32f10x_adc.o
 .text.ADC_InjectedChannelConfig
                0x00000000      0x120 ..\obj\stm32f10x_adc.o
 .text.ADC_InjectedSequencerLengthConfig
                0x00000000       0x44 ..\obj\stm32f10x_adc.o
 .text.ADC_SetInjectedOffset
                0x00000000       0x34 ..\obj\stm32f10x_adc.o
 .text.ADC_GetInjectedConversionValue
                0x00000000       0x30 ..\obj\stm32f10x_adc.o
 .text.ADC_AnalogWatchdogCmd
                0x00000000       0x38 ..\obj\stm32f10x_adc.o
 .text.ADC_AnalogWatchdogThresholdsConfig
                0x00000000       0x28 ..\obj\stm32f10x_adc.o
 .text.ADC_AnalogWatchdogSingleChannelConfig
                0x00000000       0x38 ..\obj\stm32f10x_adc.o
 .text.ADC_TempSensorVrefintCmd
                0x00000000       0x38 ..\obj\stm32f10x_adc.o
 .text.ADC_GetFlagStatus
                0x00000000       0x34 ..\obj\stm32f10x_adc.o
 .text.ADC_ClearFlag
                0x00000000       0x20 ..\obj\stm32f10x_adc.o
 .text.ADC_GetITStatus
                0x00000000       0x54 ..\obj\stm32f10x_adc.o
 .text.ADC_ClearITPendingBit
                0x00000000       0x2c ..\obj\stm32f10x_adc.o
 .text          0x00000000        0x0 ..\obj\stm32f10x_usart.o
 .data          0x00000000        0x0 ..\obj\stm32f10x_usart.o
 .bss           0x00000000        0x0 ..\obj\stm32f10x_usart.o
 .text.USART_DeInit
                0x00000000       0xb8 ..\obj\stm32f10x_usart.o
 .text.USART_StructInit
                0x00000000       0x38 ..\obj\stm32f10x_usart.o
 .text.USART_ClockInit
                0x00000000       0x58 ..\obj\stm32f10x_usart.o
 .text.USART_ClockStructInit
                0x00000000       0x2c ..\obj\stm32f10x_usart.o
 .text.USART_ITConfig
                0x00000000       0x90 ..\obj\stm32f10x_usart.o
 .text.USART_DMACmd
                0x00000000       0x48 ..\obj\stm32f10x_usart.o
 .text.USART_SetAddress
                0x00000000       0x38 ..\obj\stm32f10x_usart.o
 .text.USART_WakeUpConfig
                0x00000000       0x38 ..\obj\stm32f10x_usart.o
 .text.USART_ReceiverWakeUpCmd
                0x00000000       0x40 ..\obj\stm32f10x_usart.o
 .text.USART_LINBreakDetectLengthConfig
                0x00000000       0x38 ..\obj\stm32f10x_usart.o
 .text.USART_LINCmd
                0x00000000       0x40 ..\obj\stm32f10x_usart.o
 .text.USART_ReceiveData
                0x00000000       0x20 ..\obj\stm32f10x_usart.o
 .text.USART_SendBreak
                0x00000000       0x24 ..\obj\stm32f10x_usart.o
 .text.USART_SetGuardTime
                0x00000000       0x3c ..\obj\stm32f10x_usart.o
 .text.USART_SetPrescaler
                0x00000000       0x38 ..\obj\stm32f10x_usart.o
 .text.USART_SmartCardCmd
                0x00000000       0x40 ..\obj\stm32f10x_usart.o
 .text.USART_SmartCardNACKCmd
                0x00000000       0x40 ..\obj\stm32f10x_usart.o
 .text.USART_HalfDuplexCmd
                0x00000000       0x40 ..\obj\stm32f10x_usart.o
 .text.USART_OverSampling8Cmd
                0x00000000       0x44 ..\obj\stm32f10x_usart.o
 .text.USART_OneBitMethodCmd
                0x00000000       0x40 ..\obj\stm32f10x_usart.o
 .text.USART_IrDAConfig
                0x00000000       0x38 ..\obj\stm32f10x_usart.o
 .text.USART_IrDACmd
                0x00000000       0x40 ..\obj\stm32f10x_usart.o
 .text.USART_ClearFlag
                0x00000000       0x20 ..\obj\stm32f10x_usart.o
 .text.USART_GetITStatus
                0x00000000       0xb4 ..\obj\stm32f10x_usart.o
 .text.USART_ClearITPendingBit
                0x00000000       0x38 ..\obj\stm32f10x_usart.o
 .text          0x00000000        0x0 ..\obj\syscalls.o
 .data          0x00000000        0x0 ..\obj\syscalls.o
 .bss           0x00000000        0x4 ..\obj\syscalls.o
 .text._sbrk    0x00000000       0x3c ..\obj\syscalls.o
 .text.link     0x00000000       0x18 ..\obj\syscalls.o
 .text._close   0x00000000       0x18 ..\obj\syscalls.o
 .text._fstat   0x00000000       0x20 ..\obj\syscalls.o
 .text._isatty  0x00000000       0x14 ..\obj\syscalls.o
 .text._lseek   0x00000000       0x18 ..\obj\syscalls.o
 .text._read    0x00000000       0x18 ..\obj\syscalls.o
 .text._write   0x00000000       0x18 ..\obj\syscalls.o
 .text.abort    0x00000000        0x8 ..\obj\syscalls.o
 .debug_info    0x00000000      0x3f5 ..\obj\syscalls.o
 .debug_abbrev  0x00000000       0xe5 ..\obj\syscalls.o
 .debug_aranges
                0x00000000       0x60 ..\obj\syscalls.o
 .debug_ranges  0x00000000       0x50 ..\obj\syscalls.o
 .debug_line    0x00000000      0x184 ..\obj\syscalls.o
 .debug_str     0x00000000      0x2e0 ..\obj\syscalls.o
 .comment       0x00000000       0x6f ..\obj\syscalls.o
 .debug_frame   0x00000000      0x168 ..\obj\syscalls.o
 .ARM.attributes
                0x00000000       0x33 ..\obj\syscalls.o
 .text          0x00000000        0x0 ..\obj\misc.o
 .data          0x00000000        0x0 ..\obj\misc.o
 .bss           0x00000000        0x0 ..\obj\misc.o
 .text.NVIC_PriorityGroupConfig
                0x00000000       0x24 ..\obj\misc.o
 .text.NVIC_SetVectorTable
                0x00000000       0x2c ..\obj\misc.o
 .text.NVIC_SystemLPConfig
                0x00000000       0x40 ..\obj\misc.o
 .text.SysTick_CLKSourceConfig
                0x00000000       0x38 ..\obj\misc.o

Memory Configuration

Name             Origin             Length             Attributes
rom              0x08000000         0x00010000         xr
ram              0x20000000         0x00005000         xrw
*default*        0x00000000         0xffffffff

Linker script and memory map

                0x20005000                _eram = 0x20005000

.text           0x08000000     0x15f3
 *(.isr_vector)
 .isr_vector    0x08000000      0x10c ..\obj\startup_stm32f10x_md.o
                0x08000000                g_pfnVectors
 *(.text*)
 .text.TIM_TimeBaseInit
                0x0800010c       0xf8 ..\obj\stm32f10x_tim.o
                0x0800010c                TIM_TimeBaseInit
 .text.TIM_TimeBaseStructInit
                0x08000204       0x34 ..\obj\stm32f10x_tim.o
                0x08000204                TIM_TimeBaseStructInit
 .text.TIM_Cmd  0x08000238       0x40 ..\obj\stm32f10x_tim.o
                0x08000238                TIM_Cmd
 .text.TIM_ITConfig
                0x08000278       0x48 ..\obj\stm32f10x_tim.o
                0x08000278                TIM_ITConfig
 .text.TIM_ClearITPendingBit
                0x080002c0       0x20 ..\obj\stm32f10x_tim.o
                0x080002c0                TIM_ClearITPendingBit
 .text.SystemInit
                0x080002e0       0x68 ..\obj\system_stm32f10x.o
                0x080002e0                SystemInit
 .text.SetSysClock
                0x08000348        0xc ..\obj\system_stm32f10x.o
 .text.SetSysClockTo72
                0x08000354      0x100 ..\obj\system_stm32f10x.o
 .text.Default_Reset_Handler
                0x08000454       0x60 ..\obj\startup_stm32f10x_md.o
                0x08000454                Default_Reset_Handler
                0x08000454                Reset_Handler
 .text.Default_Handler
                0x080004b4        0x8 ..\obj\startup_stm32f10x_md.o
                0x080004b4                EXTI2_IRQHandler
                0x080004b4                DebugMon_Handler
                0x080004b4                TIM1_CC_IRQHandler
                0x080004b4                HardFault_Handler
                0x080004b4                SysTick_Handler
                0x080004b4                PVD_IRQHandler
                0x080004b4                PendSV_Handler
                0x080004b4                NMI_Handler
                0x080004b4                EXTI3_IRQHandler
                0x080004b4                EXTI0_IRQHandler
                0x080004b4                I2C2_EV_IRQHandler
                0x080004b4                UsageFault_Handler
                0x080004b4                ADC1_2_IRQHandler
                0x080004b4                SPI1_IRQHandler
                0x080004b4                TAMPER_IRQHandler
                0x080004b4                DMA1_Channel4_IRQHandler
                0x080004b4                USART3_IRQHandler
                0x080004b4                RTC_IRQHandler
                0x080004b4                DMA1_Channel7_IRQHandler
                0x080004b4                CAN1_RX1_IRQHandler
                0x080004b4                I2C1_EV_IRQHandler
                0x080004b4                DMA1_Channel6_IRQHandler
                0x080004b4                TIM3_IRQHandler
                0x080004b4                RCC_IRQHandler
                0x080004b4                TIM1_TRG_COM_IRQHandler
                0x080004b4                DMA1_Channel1_IRQHandler
                0x080004b4                EXTI15_10_IRQHandler
                0x080004b4                EXTI9_5_IRQHandler
                0x080004b4                SPI2_IRQHandler
                0x080004b4                MemManage_Handler
                0x080004b4                SVC_Handler
                0x080004b4                DMA1_Channel5_IRQHandler
                0x080004b4                EXTI4_IRQHandler
                0x080004b4                USB_LP_CAN1_RX0_IRQHandler
                0x080004b4                USB_HP_CAN1_TX_IRQHandler
                0x080004b4                DMA1_Channel3_IRQHandler
                0x080004b4                TIM1_UP_IRQHandler
                0x080004b4                WWDG_IRQHandler
                0x080004b4                TIM2_IRQHandler
                0x080004b4                TIM1_BRK_IRQHandler
                0x080004b4                EXTI1_IRQHandler
                0x080004b4                RTCAlarm_IRQHandler
                0x080004b4                USART2_IRQHandler
                0x080004b4                I2C2_ER_IRQHandler
                0x080004b4                DMA1_Channel2_IRQHandler
                0x080004b4                CAN1_SCE_IRQHandler
                0x080004b4                FLASH_IRQHandler
                0x080004b4                BusFault_Handler
                0x080004b4                USART1_IRQHandler
                0x080004b4                I2C1_ER_IRQHandler
                0x080004b4                USBWakeUp_IRQHandler
 .text.GPIO_Init
                0x080004bc      0x178 ..\obj\stm32f10x_gpio.o
                0x080004bc                GPIO_Init
 .text.GPIO_SetBits
                0x08000634       0x1c ..\obj\stm32f10x_gpio.o
                0x08000634                GPIO_SetBits
 .text.GPIO_ResetBits
                0x08000650       0x1c ..\obj\stm32f10x_gpio.o
                0x08000650                GPIO_ResetBits
 .text.Delay    0x0800066c       0x20 ..\obj\main.o
                0x0800066c                Delay
 .text.SetSysClockTo72
                0x0800068c       0x70 ..\obj\main.o
                0x0800068c                SetSysClockTo72
 .text.TIM4_IRQHandler
                0x080006fc      0x104 ..\obj\main.o
                0x080006fc                TIM4_IRQHandler
 .text.usart_init
                0x08000800       0x98 ..\obj\main.o
                0x08000800                usart_init
 .text.USARTSend
                0x08000898       0x44 ..\obj\main.o
                0x08000898                USARTSend
 .text.main     0x080008dc      0x1a0 ..\obj\main.o
                0x080008dc                main
 .text.RCC_DeInit
                0x08000a7c       0x5c ..\obj\stm32f10x_rcc.o
                0x08000a7c                RCC_DeInit
 .text.RCC_HSEConfig
                0x08000ad8       0x5c ..\obj\stm32f10x_rcc.o
                0x08000ad8                RCC_HSEConfig
 .text.RCC_WaitForHSEStartUp
                0x08000b34       0x50 ..\obj\stm32f10x_rcc.o
                0x08000b34                RCC_WaitForHSEStartUp
 .text.RCC_PLLConfig
                0x08000b84       0x3c ..\obj\stm32f10x_rcc.o
                0x08000b84                RCC_PLLConfig
 .text.RCC_PLLCmd
                0x08000bc0       0x20 ..\obj\stm32f10x_rcc.o
                0x08000bc0                RCC_PLLCmd
 .text.RCC_SYSCLKConfig
                0x08000be0       0x38 ..\obj\stm32f10x_rcc.o
                0x08000be0                RCC_SYSCLKConfig
 .text.RCC_GetSYSCLKSource
                0x08000c18       0x1c ..\obj\stm32f10x_rcc.o
                0x08000c18                RCC_GetSYSCLKSource
 .text.RCC_HCLKConfig
                0x08000c34       0x38 ..\obj\stm32f10x_rcc.o
                0x08000c34                RCC_HCLKConfig
 .text.RCC_PCLK1Config
                0x08000c6c       0x38 ..\obj\stm32f10x_rcc.o
                0x08000c6c                RCC_PCLK1Config
 .text.RCC_PCLK2Config
                0x08000ca4       0x38 ..\obj\stm32f10x_rcc.o
                0x08000ca4                RCC_PCLK2Config
 .text.RCC_ADCCLKConfig
                0x08000cdc       0x38 ..\obj\stm32f10x_rcc.o
                0x08000cdc                RCC_ADCCLKConfig
 .text.RCC_GetClocksFreq
                0x08000d14      0x160 ..\obj\stm32f10x_rcc.o
                0x08000d14                RCC_GetClocksFreq
 .text.RCC_APB2PeriphClockCmd
                0x08000e74       0x3c ..\obj\stm32f10x_rcc.o
                0x08000e74                RCC_APB2PeriphClockCmd
 .text.RCC_APB1PeriphClockCmd
                0x08000eb0       0x3c ..\obj\stm32f10x_rcc.o
                0x08000eb0                RCC_APB1PeriphClockCmd
 .text.RCC_GetFlagStatus
                0x08000eec       0x74 ..\obj\stm32f10x_rcc.o
                0x08000eec                RCC_GetFlagStatus
 .text.ADC_Init
                0x08000f60       0xa4 ..\obj\stm32f10x_adc.o
                0x08000f60                ADC_Init
 .text.ADC_Cmd  0x08001004       0x38 ..\obj\stm32f10x_adc.o
                0x08001004                ADC_Cmd
 .text.ADC_ResetCalibration
                0x0800103c       0x20 ..\obj\stm32f10x_adc.o
                0x0800103c                ADC_ResetCalibration
 .text.ADC_GetResetCalibrationStatus
                0x0800105c       0x30 ..\obj\stm32f10x_adc.o
                0x0800105c                ADC_GetResetCalibrationStatus
 .text.ADC_StartCalibration
                0x0800108c       0x20 ..\obj\stm32f10x_adc.o
                0x0800108c                ADC_StartCalibration
 .text.ADC_GetCalibrationStatus
                0x080010ac       0x30 ..\obj\stm32f10x_adc.o
                0x080010ac                ADC_GetCalibrationStatus
 .text.ADC_SoftwareStartConvCmd
                0x080010dc       0x38 ..\obj\stm32f10x_adc.o
                0x080010dc                ADC_SoftwareStartConvCmd
 .text.ADC_RegularChannelConfig
                0x08001114      0x194 ..\obj\stm32f10x_adc.o
                0x08001114                ADC_RegularChannelConfig
 .text.ADC_GetConversionValue
                0x080012a8       0x18 ..\obj\stm32f10x_adc.o
                0x080012a8                ADC_GetConversionValue
 .text.USART_Init
                0x080012c0      0x174 ..\obj\stm32f10x_usart.o
                0x080012c0                USART_Init
 .text.USART_Cmd
                0x08001434       0x40 ..\obj\stm32f10x_usart.o
                0x08001434                USART_Cmd
 .text.USART_SendData
                0x08001474       0x24 ..\obj\stm32f10x_usart.o
                0x08001474                USART_SendData
 .text.USART_GetFlagStatus
                0x08001498       0x38 ..\obj\stm32f10x_usart.o
                0x08001498                USART_GetFlagStatus
 .text.NVIC_Init
                0x080014d0       0xc4 ..\obj\misc.o
                0x080014d0                NVIC_Init
 *(.init)
 *(.fini)
 *crtbegin.o(.ctors)
 *crtbegin?.o(.ctors)
 *(EXCLUDE_FILE(*crtend.o *crtend?.o) .ctors)
 *(SORT(.ctors.*))
 *(.ctors)
 *crtbegin.o(.dtors)
 *crtbegin?.o(.dtors)
 *(EXCLUDE_FILE(*crtend.o *crtend?.o) .dtors)
 *(SORT(.dtors.*))
 *(.dtors)
 *(.rodata*)
 .rodata        0x08001594       0x5f ..\obj\main.o
 *(.eh_fram e*)

.glue_7         0x080015f4        0x0
 .glue_7        0x080015f4        0x0 linker stubs

.glue_7t        0x080015f4        0x0
 .glue_7t       0x080015f4        0x0 linker stubs

.vfp11_veneer   0x080015f4        0x0
 .vfp11_veneer  0x080015f4        0x0 linker stubs

.v4_bx          0x080015f4        0x0
 .v4_bx         0x080015f4        0x0 linker stubs

.iplt           0x080015f4        0x0
 .iplt          0x080015f4        0x0 ..\obj\stm32f10x_tim.o

.rel.dyn        0x080015f4        0x0
 .rel.iplt      0x080015f4        0x0 ..\obj\stm32f10x_tim.o

.ARM.extab
 *(.ARM.extab* .gnu.linkonce.armextab.*)
                0x080015f4                __exidx_start = .

.ARM.exidx
 *(.ARM.exidx* .gnu.linkonce.armexidx.*)
                0x080015f4                __exidx_end = .
                0x080015f4                __etext = .
                0x080015f3                _sidata = __etext

.data           0x20000000       0x14 load address 0x080015f3
                0x20000000                __data_start__ = .
                0x20000000                _sdata = __data_start__
 *(vtable)
 *(.data*)
 .data          0x20000000       0x14 ..\obj\stm32f10x_rcc.o
                0x20000014                . = ALIGN (0x4)
                [!provide]                PROVIDE (__preinit_array_start, .)
 *(.preinit_array)
                [!provide]                PROVIDE (__preinit_array_end, .)
                0x20000014                . = ALIGN (0x4)
                [!provide]                PROVIDE (__init_array_start, .)
 *(SORT(.init_array.*))
 *(.init_array)
                [!provide]                PROVIDE (__init_array_end, .)
                0x20000014                . = ALIGN (0x4)
                [!provide]                PROVIDE (__fini_array_start, .)
 *(SORT(.fini_array.*))
 *(.fini_array)
                [!provide]                PROVIDE (__fini_array_end, .)
 *(.jcr*)
                0x20000014                . = ALIGN (0x4)
                0x20000014                __data_end__ = .
                0x20000014                _edata = __data_end__

.igot.plt       0x20000014        0x0 load address 0x08001608
 .igot.plt      0x20000014        0x0 ..\obj\stm32f10x_tim.o

.bss            0x20000014       0x70 load address 0x08001608
                0x20000014                . = ALIGN (0x4)
                0x20000014                __bss_start__ = .
                0x20000014                _sbss = __bss_start__
 *(.bss*)
 .bss           0x20000014       0x6c ..\obj\main.o
                0x20000014                buffer
                0x20000078                tiktak
                0x2000007c                r
 *(COMMON)
 COMMON         0x20000080        0x4 ..\obj\main.o
                0x20000080                adc_value
                0x20000084                . = ALIGN (0x4)
                0x20000084                __bss_end__ = .
                0x20000084                _ebss = __bss_end__

.heap           0x20000084        0x0
                0x20000084                __end__ = .
                0x20000084                _end = __end__
                0x20000084                end = __end__
 *(.heap*)
                0x20000084                __HeapLimit = .

.co_stack       0x20000084      0x404 load address 0x08001678
                0x20000088                . = ALIGN (0x8)
 *fill*         0x20000084        0x4 
 *(.co_stack .co_stack.*)
 .co_stack      0x20000088      0x400 ..\obj\startup_stm32f10x_md.o
                0x20000088                pulStack
                0x20005000                __StackTop = (ORIGIN (ram) + LENGTH (ram))
                0x20004bfc                __StackLimit = (__StackTop - SIZEOF (.co_stack))
                [!provide]                PROVIDE (__stack, __StackTop)
                0x00000001                ASSERT ((__StackLimit >= __HeapLimit), region ram  overflowed with stack)
LOAD ..\obj\stm32f10x_tim.o
LOAD ..\obj\system_stm32f10x.o
LOAD ..\obj\startup_stm32f10x_md.o
LOAD ..\obj\stm32f10x_gpio.o
LOAD ..\obj\main.o
LOAD ..\obj\stm32f10x_rcc.o
LOAD ..\obj\stm32f10x_adc.o
LOAD ..\obj\stm32f10x_usart.o
LOAD ..\obj\syscalls.o
LOAD ..\obj\misc.o
START GROUP
LOAD c:/program files (x86)/gnu tools arm embedded/5.3 2016q1/bin/../lib/gcc/arm-none-eabi/5.3.1/armv7-m\libgcc.a
LOAD c:/program files (x86)/gnu tools arm embedded/5.3 2016q1/bin/../lib/gcc/arm-none-eabi/5.3.1/../../../../arm-none-eabi/lib/armv7-m\libg.a
LOAD c:/program files (x86)/gnu tools arm embedded/5.3 2016q1/bin/../lib/gcc/arm-none-eabi/5.3.1/../../../../arm-none-eabi/lib/armv7-m\libc.a
END GROUP
OUTPUT(LABA_4_F103C8.elf elf32-littlearm)

.debug_info     0x00000000     0x573d
 .debug_info    0x00000000     0x1c60 ..\obj\stm32f10x_tim.o
 .debug_info    0x00001c60      0x49c ..\obj\system_stm32f10x.o
 .debug_info    0x000020fc       0xee ..\obj\startup_stm32f10x_md.o
 .debug_info    0x000021ea      0x6f6 ..\obj\stm32f10x_gpio.o
 .debug_info    0x000028e0      0xaf8 ..\obj\main.o
 .debug_info    0x000033d8      0x8a3 ..\obj\stm32f10x_rcc.o
 .debug_info    0x00003c7b      0xb7c ..\obj\stm32f10x_adc.o
 .debug_info    0x000047f7      0x9f0 ..\obj\stm32f10x_usart.o
 .debug_info    0x000051e7      0x556 ..\obj\misc.o

.debug_abbrev   0x00000000      0xd6b
 .debug_abbrev  0x00000000      0x1b2 ..\obj\stm32f10x_tim.o
 .debug_abbrev  0x000001b2      0x14e ..\obj\system_stm32f10x.o
 .debug_abbrev  0x00000300       0xa7 ..\obj\startup_stm32f10x_md.o
 .debug_abbrev  0x000003a7      0x1cc ..\obj\stm32f10x_gpio.o
 .debug_abbrev  0x00000573      0x1f7 ..\obj\main.o
 .debug_abbrev  0x0000076a      0x1bc ..\obj\stm32f10x_rcc.o
 .debug_abbrev  0x00000926      0x19a ..\obj\stm32f10x_adc.o
 .debug_abbrev  0x00000ac0      0x164 ..\obj\stm32f10x_usart.o
 .debug_abbrev  0x00000c24      0x147 ..\obj\misc.o

.debug_aranges  0x00000000      0x7d0
 .debug_aranges
                0x00000000      0x2f0 ..\obj\stm32f10x_tim.o
 .debug_aranges
                0x000002f0       0x38 ..\obj\system_stm32f10x.o
 .debug_aranges
                0x00000328       0x28 ..\obj\startup_stm32f10x_md.o
 .debug_aranges
                0x00000350       0xa8 ..\obj\stm32f10x_gpio.o
 .debug_aranges
                0x000003f8       0x48 ..\obj\main.o
 .debug_aranges
                0x00000440      0x118 ..\obj\stm32f10x_rcc.o
 .debug_aranges
                0x00000558      0x138 ..\obj\stm32f10x_adc.o
 .debug_aranges
                0x00000690      0x100 ..\obj\stm32f10x_usart.o
 .debug_aranges
                0x00000790       0x40 ..\obj\misc.o

.debug_ranges   0x00000000      0x740
 .debug_ranges  0x00000000      0x2e0 ..\obj\stm32f10x_tim.o
 .debug_ranges  0x000002e0       0x28 ..\obj\system_stm32f10x.o
 .debug_ranges  0x00000308       0x18 ..\obj\startup_stm32f10x_md.o
 .debug_ranges  0x00000320       0x98 ..\obj\stm32f10x_gpio.o
 .debug_ranges  0x000003b8       0x38 ..\obj\main.o
 .debug_ranges  0x000003f0      0x108 ..\obj\stm32f10x_rcc.o
 .debug_ranges  0x000004f8      0x128 ..\obj\stm32f10x_adc.o
 .debug_ranges  0x00000620       0xf0 ..\obj\stm32f10x_usart.o
 .debug_ranges  0x00000710       0x30 ..\obj\misc.o

.debug_line     0x00000000     0x2648
 .debug_line    0x00000000      0xb58 ..\obj\stm32f10x_tim.o
 .debug_line    0x00000b58      0x226 ..\obj\system_stm32f10x.o
 .debug_line    0x00000d7e       0xa3 ..\obj\startup_stm32f10x_md.o
 .debug_line    0x00000e21      0x3d8 ..\obj\stm32f10x_gpio.o
 .debug_line    0x000011f9      0x335 ..\obj\main.o
 .debug_line    0x0000152e      0x4d3 ..\obj\stm32f10x_rcc.o
 .debug_line    0x00001a01      0x542 ..\obj\stm32f10x_adc.o
 .debug_line    0x00001f43      0x4ba ..\obj\stm32f10x_usart.o
 .debug_line    0x000023fd      0x24b ..\obj\misc.o

.debug_str      0x00000000     0x25f2
 .debug_str     0x00000000      0xd23 ..\obj\stm32f10x_tim.o
                                0xde6 (size before relaxing)
 .debug_str     0x00000d23      0x173 ..\obj\system_stm32f10x.o
                                0x2f8 (size before relaxing)
 .debug_str     0x00000e96       0xb1 ..\obj\startup_stm32f10x_md.o
                                0x148 (size before relaxing)
 .debug_str     0x00000f47      0x37f ..\obj\stm32f10x_gpio.o
                                0x522 (size before relaxing)
 .debug_str     0x000012c6      0x5f3 ..\obj\main.o
                                0xa41 (size before relaxing)
 .debug_str     0x000018b9      0x3cf ..\obj\stm32f10x_rcc.o
                                0x623 (size before relaxing)
 .debug_str     0x00001c88      0x474 ..\obj\stm32f10x_adc.o
                                0x704 (size before relaxing)
 .debug_str     0x000020fc      0x3a3 ..\obj\stm32f10x_usart.o
                                0x699 (size before relaxing)
 .debug_str     0x0000249f      0x153 ..\obj\misc.o
                                0x3c7 (size before relaxing)

.comment        0x00000000       0x6e
 .comment       0x00000000       0x6e ..\obj\stm32f10x_tim.o
                                 0x6f (size before relaxing)
 .comment       0x0000006e       0x6f ..\obj\system_stm32f10x.o
 .comment       0x0000006e       0x6f ..\obj\startup_stm32f10x_md.o
 .comment       0x0000006e       0x6f ..\obj\stm32f10x_gpio.o
 .comment       0x0000006e       0x6f ..\obj\main.o
 .comment       0x0000006e       0x6f ..\obj\stm32f10x_rcc.o
 .comment       0x0000006e       0x6f ..\obj\stm32f10x_adc.o
 .comment       0x0000006e       0x6f ..\obj\stm32f10x_usart.o
 .comment       0x0000006e       0x6f ..\obj\misc.o

.ARM.attributes
                0x00000000       0x33
 .ARM.attributes
                0x00000000       0x33 ..\obj\stm32f10x_tim.o
 .ARM.attributes
                0x00000033       0x33 ..\obj\system_stm32f10x.o
 .ARM.attributes
                0x00000066       0x33 ..\obj\startup_stm32f10x_md.o
 .ARM.attributes
                0x00000099       0x33 ..\obj\stm32f10x_gpio.o
 .ARM.attributes
                0x000000cc       0x33 ..\obj\main.o
 .ARM.attributes
                0x000000ff       0x33 ..\obj\stm32f10x_rcc.o
 .ARM.attributes
                0x00000132       0x33 ..\obj\stm32f10x_adc.o
 .ARM.attributes
                0x00000165       0x33 ..\obj\stm32f10x_usart.o
 .ARM.attributes
                0x00000198       0x33 ..\obj\misc.o

.debug_frame    0x00000000     0x22c4
 .debug_frame   0x00000000      0xe2c ..\obj\stm32f10x_tim.o
 .debug_frame   0x00000e2c       0x98 ..\obj\system_stm32f10x.o
 .debug_frame   0x00000ec4       0x4c ..\obj\startup_stm32f10x_md.o
 .debug_frame   0x00000f10      0x2d0 ..\obj\stm32f10x_gpio.o
 .debug_frame   0x000011e0       0xe4 ..\obj\main.o
 .debug_frame   0x000012c4      0x4f4 ..\obj\stm32f10x_rcc.o
 .debug_frame   0x000017b8      0x5a4 ..\obj\stm32f10x_adc.o
 .debug_frame   0x00001d5c      0x490 ..\obj\stm32f10x_usart.o
 .debug_frame   0x000021ec       0xd8 ..\obj\misc.o
